// Jest Snapshot v1, https://goo.gl/fbAQLP

exports[`Listbox renders correctly 1`] = `
<div>
  <div
    class="relative inline-block text-left undefined"
  >
    <div
      class="inline-flex justify-center cursor-pointer"
    >
      Test
    </div>
    <div
      class="transition ease-out duration-200 transform opacity-0 scale-90"
    >
      <div
        class="w-full max-h-200 overflow-y-scroll absolute left-0 mt-2 origin-top-right bg-white rounded-6 shadow-lg ring-1 ring-black ring-opacity-5 focus:outline-none z-1"
        id="headlessui-menu-items-2"
        role="menu"
        tabindex="0"
      >
        <button
          class="group flex rounded-md items-center w-full px-2 py-2 text-14 text-gray-900"
          id="headlessui-menu-item-1"
          role="menuitem"
          tabindex="-1"
        >
          Test
        </button>
      </div>
    </div>
  </div>
</div>
`;
